******************************************************************************
             TMS320C2000 Linker Unix v6.1.0                    
******************************************************************************
>> Linked Wed Apr 24 02:02:10 2013

OUTPUT FILE NAME:   <Stepper.out>
ENTRY POINT SYMBOL: "_c_int00"  address: 0000889d


MEMORY CONFIGURATION

         name            origin    length      used     unused   attr    fill
----------------------  --------  ---------  --------  --------  ----  --------
PAGE 0:
  BEGIN                 00000000   00000002  00000000  00000002  RWIX
  BOOT_RSVD             00000002   0000004e  00000000  0000004e  RWIX
  RAMM0                 00000050   000003b0  00000123  0000028d  RWIX
  progRAM               00008000   00001800  00000979  00000e87  RWIX
  IQTABLES              003fe000   00000b50  00000b50  00000000  RWIX
  IQTABLES2             003feb50   0000008c  00000000  0000008c  RWIX
  IQTABLES3             003febdc   000000aa  00000000  000000aa  RWIX
  BOOTROM               003ff27c   00000d44  00000000  00000d44  RWIX
  RESET                 003fffc0   00000002  00000000  00000002  RWIX

PAGE 1:
  RAMM1                 00000480   00000380  00000380  00000000  RWIX
  DEV_EMU               00000880   00000105  00000004  00000101  RWIX
  SYS_PWR_CTL           00000985   00000003  00000003  00000000  RWIX
  FLASH_REGS            00000a80   00000060  00000008  00000058  RWIX
  CSM                   00000ae0   00000010  00000010  00000000  RWIX
  ADC_RESULT            00000b00   00000020  00000020  00000000  RWIX
  CPU_TIMER0            00000c00   00000008  00000008  00000000  RWIX
  CPU_TIMER1            00000c08   00000008  00000008  00000000  RWIX
  CPU_TIMER2            00000c10   00000008  00000008  00000000  RWIX
  PIE_CTRL              00000ce0   00000020  0000001a  00000006  RWIX
  PIE_VECT              00000d00   00000100  00000100  00000000  RWIX
  CLA1                  00001400   00000080  00000040  00000040  RWIX
  CLA_CPU_MSGRAM        00001480   00000080  00000000  00000080  RWIX
  CPU_CLA_MSGRAM        00001500   00000080  00000000  00000080  RWIX
  ECANA                 00006000   00000040  00000034  0000000c  RWIX
  ECANA_LAM             00006040   00000040  00000040  00000000  RWIX
  ECANA_MOTS            00006080   00000040  00000040  00000000  RWIX
  ECANA_MOTO            000060c0   00000040  00000040  00000000  RWIX
  ECANA_MBOX            00006100   00000100  00000100  00000000  RWIX
  COMP1                 00006400   00000020  00000011  0000000f  RWIX
  COMP2                 00006420   00000020  00000011  0000000f  RWIX
  COMP3                 00006440   00000020  00000011  0000000f  RWIX
  EPWM1                 00006800   00000040  0000003a  00000006  RWIX
  EPWM2                 00006840   00000040  0000003a  00000006  RWIX
  EPWM3                 00006880   00000040  0000003a  00000006  RWIX
  EPWM4                 000068c0   00000040  0000003a  00000006  RWIX
  EPWM5                 00006900   00000040  0000003a  00000006  RWIX
  EPWM6                 00006940   00000040  0000003a  00000006  RWIX
  EPWM7                 00006980   00000040  0000003a  00000006  RWIX
  ECAP1                 00006a00   00000020  00000020  00000000  RWIX
  EQEP1                 00006b00   00000040  00000040  00000000  RWIX
  LINA                  00006c00   00000080  0000004a  00000036  RWIX
  GPIOCTRL              00006f80   00000040  00000040  00000000  RWIX
  GPIODAT               00006fc0   00000020  00000020  00000000  RWIX
  GPIOINT               00006fe0   00000020  0000000c  00000014  RWIX
  SYSTEM                00007010   00000020  00000020  00000000  RWIX
  SPIA                  00007040   00000010  00000010  00000000  RWIX
  SCIA                  00007050   00000010  00000010  00000000  RWIX
  NMIINTRUPT            00007060   00000010  00000010  00000000  RWIX
  XINTRUPT              00007070   00000010  00000010  00000000  RWIX
  ADC                   00007100   00000080  00000050  00000030  RWIX
  SPIB                  00007740   00000010  00000010  00000000  RWIX
  I2CA                  00007900   00000040  00000022  0000001e  RWIX
  dataRAM               00009800   00000800  00000424  000003dc  RWIX
  PARTID                003d7e80   00000001  00000001  00000000  RWIX
  CSM_PWL               003f7ff8   00000008  00000008  00000000  RWIX


SECTION ALLOCATION MAP

 output                                  attributes/
section   page    origin      length       input sections
--------  ----  ----------  ----------   ----------------
.pinit     0    00000050    00000000     UNINITIALIZED

.cinit     0    00000050    00000104     
                  00000050    000000ee     Stepper.obj (.cinit)
                  0000013e    0000000a     rts2800_ml.lib : _lock.obj (.cinit)
                  00000148    0000000a                    : exit.obj (.cinit)
                  00000152    00000002     --HOLE-- [fill = 0]

ramfuncs   0    00000154    0000001f     
                  00000154    0000001b     Stepper-DevInit_F2803x.obj (ramfuncs)
                  0000016f    00000004     DSP2803x_usDelay.obj (ramfuncs)

.text      0    00008000    00000979     
                  00008000    0000038c     Stepper.obj (.text)
                  0000838c    000001b8     Stepper-DevInit_F2803x.obj (.text)
                  00008544    000001ae     Stepper.obj (.text:retain)
                  000086f2    00000083     rts2800_ml.lib : fd_mpy.obj (.text)
                  00008775    00000083                    : fs_div.obj (.text)
                  000087f8    0000005a                    : fs_mpy.obj (.text)
                  00008852    0000004b     DLOG4CHC.obj (.text)
                  0000889d    00000044     rts2800_ml.lib : boot.obj (.text)
                  000088e1    0000001f                    : fd_tol.obj (.text)
                  00008900    0000001d                    : fs_tou.obj (.text)
                  0000891d    0000001c                    : fs_tofd.obj (.text)
                  00008939    00000019                    : args_main.obj (.text)
                  00008952    00000019                    : exit.obj (.text)
                  0000896b    00000009                    : _lock.obj (.text)
                  00008974    00000005     Stepper-DevInit_F2803x.obj (.text:retain)

IQmathTables 
*          0    003fe000    00000b50     NOLOAD SECTION
                  003fe000    00000b50     IQmath.lib : IQmathTables.obj (IQmathTables)

.reset     0    003fffc0    00000002     DSECT
                  003fffc0    00000002     rts2800_ml.lib : boot.obj (.reset)

.stack     1    00000480    00000380     UNINITIALIZED
                  00000480    00000380     --HOLE--

DevEmuRegsFile 
*          1    00000880    00000004     UNINITIALIZED
                  00000880    00000004     DSP2803x_GlobalVariableDefs.obj (DevEmuRegsFile)

SysPwrCtrlRegsFile 
*          1    00000985    00000003     UNINITIALIZED
                  00000985    00000003     DSP2803x_GlobalVariableDefs.obj (SysPwrCtrlRegsFile)

FlashRegsFile 
*          1    00000a80    00000008     UNINITIALIZED
                  00000a80    00000008     DSP2803x_GlobalVariableDefs.obj (FlashRegsFile)

CsmRegsFile 
*          1    00000ae0    00000010     UNINITIALIZED
                  00000ae0    00000010     DSP2803x_GlobalVariableDefs.obj (CsmRegsFile)

AdcResultFile 
*          1    00000b00    00000020     UNINITIALIZED
                  00000b00    00000020     DSP2803x_GlobalVariableDefs.obj (AdcResultFile)

CpuTimer0RegsFile 
*          1    00000c00    00000008     UNINITIALIZED
                  00000c00    00000008     DSP2803x_GlobalVariableDefs.obj (CpuTimer0RegsFile)

CpuTimer1RegsFile 
*          1    00000c08    00000008     UNINITIALIZED
                  00000c08    00000008     DSP2803x_GlobalVariableDefs.obj (CpuTimer1RegsFile)

CpuTimer2RegsFile 
*          1    00000c10    00000008     UNINITIALIZED
                  00000c10    00000008     DSP2803x_GlobalVariableDefs.obj (CpuTimer2RegsFile)

PieCtrlRegsFile 
*          1    00000ce0    0000001a     UNINITIALIZED
                  00000ce0    0000001a     DSP2803x_GlobalVariableDefs.obj (PieCtrlRegsFile)

PieVectTableFile 
*          1    00000d00    00000100     UNINITIALIZED
                  00000d00    00000100     DSP2803x_GlobalVariableDefs.obj (PieVectTableFile)

EmuKeyVar 
*          1    00000d00    00000001     UNINITIALIZED
                  00000d00    00000001     DSP2803x_GlobalVariableDefs.obj (EmuKeyVar)

EmuBModeVar 
*          1    00000d01    00000001     UNINITIALIZED
                  00000d01    00000001     DSP2803x_GlobalVariableDefs.obj (EmuBModeVar)

FlashCallbackVar 
*          1    00000d02    00000002     UNINITIALIZED
                  00000d02    00000002     DSP2803x_GlobalVariableDefs.obj (FlashCallbackVar)

FlashScalingVar 
*          1    00000d04    00000002     UNINITIALIZED
                  00000d04    00000002     DSP2803x_GlobalVariableDefs.obj (FlashScalingVar)

Cla1RegsFile 
*          1    00001400    00000040     UNINITIALIZED
                  00001400    00000040     DSP2803x_GlobalVariableDefs.obj (Cla1RegsFile)

ECanaRegsFile 
*          1    00006000    00000034     UNINITIALIZED
                  00006000    00000034     DSP2803x_GlobalVariableDefs.obj (ECanaRegsFile)

ECanaLAMRegsFile 
*          1    00006040    00000040     UNINITIALIZED
                  00006040    00000040     DSP2803x_GlobalVariableDefs.obj (ECanaLAMRegsFile)

ECanaMOTSRegsFile 
*          1    00006080    00000040     UNINITIALIZED
                  00006080    00000040     DSP2803x_GlobalVariableDefs.obj (ECanaMOTSRegsFile)

ECanaMOTORegsFile 
*          1    000060c0    00000040     UNINITIALIZED
                  000060c0    00000040     DSP2803x_GlobalVariableDefs.obj (ECanaMOTORegsFile)

ECanaMboxesFile 
*          1    00006100    00000100     UNINITIALIZED
                  00006100    00000100     DSP2803x_GlobalVariableDefs.obj (ECanaMboxesFile)

Comp1RegsFile 
*          1    00006400    00000011     UNINITIALIZED
                  00006400    00000011     DSP2803x_GlobalVariableDefs.obj (Comp1RegsFile)

Comp2RegsFile 
*          1    00006420    00000011     UNINITIALIZED
                  00006420    00000011     DSP2803x_GlobalVariableDefs.obj (Comp2RegsFile)

Comp3RegsFile 
*          1    00006440    00000011     UNINITIALIZED
                  00006440    00000011     DSP2803x_GlobalVariableDefs.obj (Comp3RegsFile)

EPwm1RegsFile 
*          1    00006800    0000003a     UNINITIALIZED
                  00006800    0000003a     DSP2803x_GlobalVariableDefs.obj (EPwm1RegsFile)

EPwm2RegsFile 
*          1    00006840    0000003a     UNINITIALIZED
                  00006840    0000003a     DSP2803x_GlobalVariableDefs.obj (EPwm2RegsFile)

EPwm3RegsFile 
*          1    00006880    0000003a     UNINITIALIZED
                  00006880    0000003a     DSP2803x_GlobalVariableDefs.obj (EPwm3RegsFile)

EPwm4RegsFile 
*          1    000068c0    0000003a     UNINITIALIZED
                  000068c0    0000003a     DSP2803x_GlobalVariableDefs.obj (EPwm4RegsFile)

EPwm5RegsFile 
*          1    00006900    0000003a     UNINITIALIZED
                  00006900    0000003a     DSP2803x_GlobalVariableDefs.obj (EPwm5RegsFile)

EPwm6RegsFile 
*          1    00006940    0000003a     UNINITIALIZED
                  00006940    0000003a     DSP2803x_GlobalVariableDefs.obj (EPwm6RegsFile)

EPwm7RegsFile 
*          1    00006980    0000003a     UNINITIALIZED
                  00006980    0000003a     DSP2803x_GlobalVariableDefs.obj (EPwm7RegsFile)

ECap1RegsFile 
*          1    00006a00    00000020     UNINITIALIZED
                  00006a00    00000020     DSP2803x_GlobalVariableDefs.obj (ECap1RegsFile)

EQep1RegsFile 
*          1    00006b00    00000040     UNINITIALIZED
                  00006b00    00000040     DSP2803x_GlobalVariableDefs.obj (EQep1RegsFile)

LinaRegsFile 
*          1    00006c00    0000004a     UNINITIALIZED
                  00006c00    0000004a     DSP2803x_GlobalVariableDefs.obj (LinaRegsFile)

GpioCtrlRegsFile 
*          1    00006f80    00000040     UNINITIALIZED
                  00006f80    00000040     DSP2803x_GlobalVariableDefs.obj (GpioCtrlRegsFile)

GpioDataRegsFile 
*          1    00006fc0    00000020     UNINITIALIZED
                  00006fc0    00000020     DSP2803x_GlobalVariableDefs.obj (GpioDataRegsFile)

GpioIntRegsFile 
*          1    00006fe0    0000000c     UNINITIALIZED
                  00006fe0    0000000c     DSP2803x_GlobalVariableDefs.obj (GpioIntRegsFile)

SysCtrlRegsFile 
*          1    00007010    00000020     UNINITIALIZED
                  00007010    00000020     DSP2803x_GlobalVariableDefs.obj (SysCtrlRegsFile)

SpiaRegsFile 
*          1    00007040    00000010     UNINITIALIZED
                  00007040    00000010     DSP2803x_GlobalVariableDefs.obj (SpiaRegsFile)

SciaRegsFile 
*          1    00007050    00000010     UNINITIALIZED
                  00007050    00000010     DSP2803x_GlobalVariableDefs.obj (SciaRegsFile)

NmiIntruptRegsFile 
*          1    00007060    00000010     UNINITIALIZED
                  00007060    00000010     DSP2803x_GlobalVariableDefs.obj (NmiIntruptRegsFile)

XIntruptRegsFile 
*          1    00007070    00000010     UNINITIALIZED
                  00007070    00000010     DSP2803x_GlobalVariableDefs.obj (XIntruptRegsFile)

AdcRegsFile 
*          1    00007100    00000050     UNINITIALIZED
                  00007100    00000050     DSP2803x_GlobalVariableDefs.obj (AdcRegsFile)

SpibRegsFile 
*          1    00007740    00000010     UNINITIALIZED
                  00007740    00000010     DSP2803x_GlobalVariableDefs.obj (SpibRegsFile)

I2caRegsFile 
*          1    00007900    00000022     UNINITIALIZED
                  00007900    00000022     DSP2803x_GlobalVariableDefs.obj (I2caRegsFile)

DLOG       1    00009800    00000320     UNINITIALIZED
                  00009800    00000320     DLOG4CHC.obj (DLOG)

.ebss      1    00009b20    00000100     UNINITIALIZED
                  00009b20    00000004     rts2800_ml.lib : _lock.obj (.ebss)
                  00009b24    00000004                    : exit.obj (.ebss)
                  00009b28    00000018     --HOLE--
                  00009b40    000000e0     Stepper.obj (.ebss)

.econst    1    00009c20    00000004     
                  00009c20    00000004     Stepper.obj (.econst)

PartIdRegsFile 
*          1    003d7e80    00000001     UNINITIALIZED
                  003d7e80    00000001     DSP2803x_GlobalVariableDefs.obj (PartIdRegsFile)

CsmPwlFile 
*          1    003f7ff8    00000008     UNINITIALIZED
                  003f7ff8    00000008     DSP2803x_GlobalVariableDefs.obj (CsmPwlFile)


GLOBAL SYMBOLS: SORTED ALPHABETICALLY BY Name 

address    name
--------   ----
00008000   .text
00008952   C$$EXIT
000086f2   FD$$MPY
000088e1   FD$$TOL
00008775   FS$$DIV
000087f8   FS$$MPY
0000891d   FS$$TOFD
00008900   FS$$TOU
000082cf   _A0
00008314   _A1
00008358   _A2
0000835e   _A3
00009b74   _A_Task_Ptr
00007100   _AdcRegs
00000b00   _AdcResult
00009b6a   _Alpha_State_Ptr
00009b44   _Angle
000082e8   _B0
00008364   _B1
0000836a   _B2
00008370   _B3
00009b6e   _B_Task_Ptr
00009b45   _BackTicker
000082fe   _C0
00008376   _C1
00008380   _C2
00008386   _C3
00009b70   _C_Task_Ptr
00001400   _Cla1Regs
00006400   _Comp1Regs
00006420   _Comp2Regs
00006440   _Comp3Regs
00000c00   _CpuTimer0Regs
00000c08   _CpuTimer1Regs
00000c10   _CpuTimer2Regs
003f7ff8   _CsmPwl
00000ae0   _CsmRegs
00008852   _DLOG_4CH_init
0000885d   _DLOG_4CH_update
00009b47   _DRV_RESET
0000016f   _DSP28x_usDelay
00000880   _DevEmuRegs
0000838c   _DeviceInit
00009b4c   _DlogCh1
00009b4d   _DlogCh2
00009b4b   _DlogCh3
00009b48   _DlogCh4
00006040   _ECanaLAMRegs
000060c0   _ECanaMOTORegs
00006080   _ECanaMOTSRegs
00006100   _ECanaMboxes
00006000   _ECanaRegs
00006a00   _ECap1Regs
00006800   _EPwm1Regs
00006840   _EPwm2Regs
00006880   _EPwm3Regs
000068c0   _EPwm4Regs
00006900   _EPwm5Regs
00006940   _EPwm6Regs
00006980   _EPwm7Regs
00006b00   _EQep1Regs
00000d01   _EmuBMode
00000d00   _EmuKey
00009b49   _EnableFlag
00000a80   _FlashRegs
00000d04   _Flash_CPUScaleFactor
00000d02   _Flash_CallbackPtr
00006f80   _GpioCtrlRegs
00006fc0   _GpioDataRegs
00006fe0   _GpioIntRegs
00007900   _I2caRegs
00009b52   _IFdbk1
00009b50   _IFdbk1a
00009b64   _IFdbk1b
00009b60   _IFdbk2
00009b62   _IFdbk2c
00009b5c   _IFdbk2d
003fead8   _IQ10mpyRndSatTable
003feacc   _IQ11mpyRndSatTable
003feac0   _IQ12mpyRndSatTable
003feab4   _IQ13mpyRndSatTable
003feaa8   _IQ14mpyRndSatTable
003fea9c   _IQ15mpyRndSatTable
003fea90   _IQ16mpyRndSatTable
003fea84   _IQ17mpyRndSatTable
003fea78   _IQ18mpyRndSatTable
003fea6c   _IQ19mpyRndSatTable
003feb44   _IQ1mpyRndSatTable
003fea60   _IQ20mpyRndSatTable
003fea54   _IQ21mpyRndSatTable
003fea48   _IQ22mpyRndSatTable
003fea3c   _IQ23mpyRndSatTable
003fea30   _IQ24mpyRndSatTable
003fea24   _IQ25mpyRndSatTable
003fea18   _IQ26mpyRndSatTable
003fea0c   _IQ27mpyRndSatTable
003fea00   _IQ28mpyRndSatTable
003fe9f4   _IQ29mpyRndSatTable
003feb38   _IQ2mpyRndSatTable
003fe9e8   _IQ30mpyRndSatTable
003feb2c   _IQ3mpyRndSatTable
003feb20   _IQ4mpyRndSatTable
003feb14   _IQ5mpyRndSatTable
003feb08   _IQ6mpyRndSatTable
003feafc   _IQ7mpyRndSatTable
003feaf0   _IQ8mpyRndSatTable
003feae4   _IQ9mpyRndSatTable
003fe824   _IQatan2HalfPITable
003fe862   _IQatan2Table
003fe9e8   _IQatan2TableEnd
003fe100   _IQcosTable
003fe502   _IQcosTableEnd
003fe502   _IQdivRoundSatTable
003fe510   _IQdivTable
003fe712   _IQdivTableEnd
003fe712   _IQisqrtRoundSatTable
003fe722   _IQisqrtTable
003fe824   _IQisqrtTableEnd
003fe9e8   _IQmpyRndSatTable
003feb50   _IQmpyRndSatTableEnd
003fe000   _IQsinTable
003fe400   _IQsinTableEnd
003fe712   _IQsqrtRoundSatTable
003fe722   _IQsqrtTable
003fe824   _IQsqrtTableEnd
00009b54   _IRef
00008974   _ISR_ILLEGAL
00000154   _InitFlash
00009b5e   _IsrTicker
00006c00   _LinaRegs
00009b43   _MPeriod
00008544   _MainISR
0000852f   _MemCopy
00007060   _NmiIntruptRegs
000084be   _PLLset
003d7e80   _PartIdRegs
000084f4   _PieCntlInit
00000ce0   _PieCtrlRegs
00000d00   _PieVectTable
00008513   _PieVectTableInit
00009b42   _PwmDacCh1
00009b4e   _PwmDacCh2
00009b41   _Rotation1
00009b40   _Rotation2
00009b4a   _RunMotor
00007050   _SciaRegs
00009b46   _SerialCommsTimer
00009b56   _SpeedRef
00007040   _SpiaRegs
00007740   _SpibRegs
00007010   _SysCtrlRegs
00000985   _SysPwrCtrlRegs
00009b5a   _T
00009b66   _Tmp
00009b6c   _TmpD
00009b68   _Tmp_fr
00009b58   _VRef
00009b88   _VTimer0
00009b76   _VTimer1
00009b7a   _VTimer2
000084b6   _WDogDisable
00007070   _XIntruptRegs
00000800   __STACK_END
00000380   __STACK_SIZE
00000001   __TI_args_main
ffffffff   ___binit__
ffffffff   ___c_args__
00000050   ___cinit__
00008979   ___etext__
ffffffff   ___pinit__
00008000   ___text__
00008939   __args_main
00009b24   __cleanup_ptr
00009b26   __dtors_ptr
00009b22   __lock
00008973   __nop
0000896f   __register_lock
0000896b   __register_unlock
00000480   __stack
00009b20   __unlock
00008952   _abort
0000889d   _c_int00
00009bc0   _dlog
00008954   _exit
00008000   _main
00009bd6   _pid1_i
00009c00   _pid2_i
00009b84   _pwm1
00009b80   _pwm2
00009b92   _pwmdac1
00009b9c   _pwmdac2
00009bb2   _rc1
00009b72   _rc_tmp
00009ba6   _rg1
00009b8c   _st1
ffffffff   binit
00000050   cinit
00008979   etext
ffffffff   pinit


GLOBAL SYMBOLS: SORTED BY Symbol Address 

address    name
--------   ----
00000001   __TI_args_main
00000050   ___cinit__
00000050   cinit
00000154   _InitFlash
0000016f   _DSP28x_usDelay
00000380   __STACK_SIZE
00000480   __stack
00000800   __STACK_END
00000880   _DevEmuRegs
00000985   _SysPwrCtrlRegs
00000a80   _FlashRegs
00000ae0   _CsmRegs
00000b00   _AdcResult
00000c00   _CpuTimer0Regs
00000c08   _CpuTimer1Regs
00000c10   _CpuTimer2Regs
00000ce0   _PieCtrlRegs
00000d00   _EmuKey
00000d00   _PieVectTable
00000d01   _EmuBMode
00000d02   _Flash_CallbackPtr
00000d04   _Flash_CPUScaleFactor
00001400   _Cla1Regs
00006000   _ECanaRegs
00006040   _ECanaLAMRegs
00006080   _ECanaMOTSRegs
000060c0   _ECanaMOTORegs
00006100   _ECanaMboxes
00006400   _Comp1Regs
00006420   _Comp2Regs
00006440   _Comp3Regs
00006800   _EPwm1Regs
00006840   _EPwm2Regs
00006880   _EPwm3Regs
000068c0   _EPwm4Regs
00006900   _EPwm5Regs
00006940   _EPwm6Regs
00006980   _EPwm7Regs
00006a00   _ECap1Regs
00006b00   _EQep1Regs
00006c00   _LinaRegs
00006f80   _GpioCtrlRegs
00006fc0   _GpioDataRegs
00006fe0   _GpioIntRegs
00007010   _SysCtrlRegs
00007040   _SpiaRegs
00007050   _SciaRegs
00007060   _NmiIntruptRegs
00007070   _XIntruptRegs
00007100   _AdcRegs
00007740   _SpibRegs
00007900   _I2caRegs
00008000   .text
00008000   ___text__
00008000   _main
000082cf   _A0
000082e8   _B0
000082fe   _C0
00008314   _A1
00008358   _A2
0000835e   _A3
00008364   _B1
0000836a   _B2
00008370   _B3
00008376   _C1
00008380   _C2
00008386   _C3
0000838c   _DeviceInit
000084b6   _WDogDisable
000084be   _PLLset
000084f4   _PieCntlInit
00008513   _PieVectTableInit
0000852f   _MemCopy
00008544   _MainISR
000086f2   FD$$MPY
00008775   FS$$DIV
000087f8   FS$$MPY
00008852   _DLOG_4CH_init
0000885d   _DLOG_4CH_update
0000889d   _c_int00
000088e1   FD$$TOL
00008900   FS$$TOU
0000891d   FS$$TOFD
00008939   __args_main
00008952   C$$EXIT
00008952   _abort
00008954   _exit
0000896b   __register_unlock
0000896f   __register_lock
00008973   __nop
00008974   _ISR_ILLEGAL
00008979   ___etext__
00008979   etext
00009b20   __unlock
00009b22   __lock
00009b24   __cleanup_ptr
00009b26   __dtors_ptr
00009b40   _Rotation2
00009b41   _Rotation1
00009b42   _PwmDacCh1
00009b43   _MPeriod
00009b44   _Angle
00009b45   _BackTicker
00009b46   _SerialCommsTimer
00009b47   _DRV_RESET
00009b48   _DlogCh4
00009b49   _EnableFlag
00009b4a   _RunMotor
00009b4b   _DlogCh3
00009b4c   _DlogCh1
00009b4d   _DlogCh2
00009b4e   _PwmDacCh2
00009b50   _IFdbk1a
00009b52   _IFdbk1
00009b54   _IRef
00009b56   _SpeedRef
00009b58   _VRef
00009b5a   _T
00009b5c   _IFdbk2d
00009b5e   _IsrTicker
00009b60   _IFdbk2
00009b62   _IFdbk2c
00009b64   _IFdbk1b
00009b66   _Tmp
00009b68   _Tmp_fr
00009b6a   _Alpha_State_Ptr
00009b6c   _TmpD
00009b6e   _B_Task_Ptr
00009b70   _C_Task_Ptr
00009b72   _rc_tmp
00009b74   _A_Task_Ptr
00009b76   _VTimer1
00009b7a   _VTimer2
00009b80   _pwm2
00009b84   _pwm1
00009b88   _VTimer0
00009b8c   _st1
00009b92   _pwmdac1
00009b9c   _pwmdac2
00009ba6   _rg1
00009bb2   _rc1
00009bc0   _dlog
00009bd6   _pid1_i
00009c00   _pid2_i
003d7e80   _PartIdRegs
003f7ff8   _CsmPwl
003fe000   _IQsinTable
003fe100   _IQcosTable
003fe400   _IQsinTableEnd
003fe502   _IQcosTableEnd
003fe502   _IQdivRoundSatTable
003fe510   _IQdivTable
003fe712   _IQdivTableEnd
003fe712   _IQisqrtRoundSatTable
003fe712   _IQsqrtRoundSatTable
003fe722   _IQisqrtTable
003fe722   _IQsqrtTable
003fe824   _IQatan2HalfPITable
003fe824   _IQisqrtTableEnd
003fe824   _IQsqrtTableEnd
003fe862   _IQatan2Table
003fe9e8   _IQ30mpyRndSatTable
003fe9e8   _IQatan2TableEnd
003fe9e8   _IQmpyRndSatTable
003fe9f4   _IQ29mpyRndSatTable
003fea00   _IQ28mpyRndSatTable
003fea0c   _IQ27mpyRndSatTable
003fea18   _IQ26mpyRndSatTable
003fea24   _IQ25mpyRndSatTable
003fea30   _IQ24mpyRndSatTable
003fea3c   _IQ23mpyRndSatTable
003fea48   _IQ22mpyRndSatTable
003fea54   _IQ21mpyRndSatTable
003fea60   _IQ20mpyRndSatTable
003fea6c   _IQ19mpyRndSatTable
003fea78   _IQ18mpyRndSatTable
003fea84   _IQ17mpyRndSatTable
003fea90   _IQ16mpyRndSatTable
003fea9c   _IQ15mpyRndSatTable
003feaa8   _IQ14mpyRndSatTable
003feab4   _IQ13mpyRndSatTable
003feac0   _IQ12mpyRndSatTable
003feacc   _IQ11mpyRndSatTable
003fead8   _IQ10mpyRndSatTable
003feae4   _IQ9mpyRndSatTable
003feaf0   _IQ8mpyRndSatTable
003feafc   _IQ7mpyRndSatTable
003feb08   _IQ6mpyRndSatTable
003feb14   _IQ5mpyRndSatTable
003feb20   _IQ4mpyRndSatTable
003feb2c   _IQ3mpyRndSatTable
003feb38   _IQ2mpyRndSatTable
003feb44   _IQ1mpyRndSatTable
003feb50   _IQmpyRndSatTableEnd
ffffffff   ___binit__
ffffffff   ___c_args__
ffffffff   ___pinit__
ffffffff   binit
ffffffff   pinit

[199 symbols]
