******************************************************************************
             TMS320C2000 Linker Unix v6.1.0                    
******************************************************************************
>> Linked Thu May  2 16:39:31 2013

OUTPUT FILE NAME:   <Stepper.out>
ENTRY POINT SYMBOL: "_c_int00"  address: 0000828e


MEMORY CONFIGURATION

         name            origin    length      used     unused   attr    fill
----------------------  --------  ---------  --------  --------  ----  --------
PAGE 0:
  BEGIN                 00000000   00000002  00000000  00000002  RWIX
  RAMM0                 00000050   000003b0  00000069  00000347  RWIX
  RAML0L1               00008000   00000c00  00000314  000008ec  RWIX
  IQTABLES              003fe000   00000b50  00000000  00000b50  RWIX
  IQTABLES2             003feb50   0000008c  00000000  0000008c  RWIX
  IQTABLES3             003febdc   000000aa  00000000  000000aa  RWIX
  BOOTROM               003ff27c   00000d44  00000000  00000d44  RWIX
  RESET                 003fffc0   00000002  00000000  00000002  RWIX

PAGE 1:
  BOOT_RSVD             00000002   0000004e  0000004e  00000000  RWIX
  RAMM1                 00000480   00000380  00000380  00000000  RWIX
  RAML2                 00008c00   00000400  000003ff  00000001  RWIX
  RAML3                 00009000   00001000  00000370  00000c90  RWIX


SECTION ALLOCATION MAP

 output                                  attributes/
section   page    origin      length       input sections
--------  ----  ----------  ----------   ----------------
.pinit     0    00000050    00000000     UNINITIALIZED

.cinit     0    00000050    00000069     
                  00000050    00000053     control_algo.obj (.cinit)
                  000000a3    0000000a     rts2800_ml.lib : _lock.obj (.cinit)
                  000000ad    0000000a                    : exit.obj (.cinit)
                  000000b7    00000002     --HOLE-- [fill = 0]

.text      0    00008000    00000314     
                  00008000    000001d2     init.obj (.text)
                  000081d2    00000078     pwm_wrap_module.obj (.text)
                  0000824a    00000044     control_algo.obj (.text)
                  0000828e    00000044     rts2800_ml.lib : boot.obj (.text)
                  000082d2    00000019                    : args_main.obj (.text)
                  000082eb    00000019                    : exit.obj (.text)
                  00008304    00000009                    : _lock.obj (.text)
                  0000830d    00000005     init.obj (.text:retain)
                  00008312    00000002     main.obj (.text)

.reset     0    003fffc0    00000002     DSECT
                  003fffc0    00000002     rts2800_ml.lib : boot.obj (.reset)

EPwm1RegsFile 
*          1    00000002    0000003a     UNINITIALIZED
                  00000002    0000003a     DSP2803x_GlobalVariableDefs.obj (EPwm1RegsFile)

DevEmuRegsFile 
*          1    0000003c    00000004     UNINITIALIZED
                  0000003c    00000004     DSP2803x_GlobalVariableDefs.obj (DevEmuRegsFile)

CsmRegsFile 
*          1    00000040    00000010     UNINITIALIZED
                  00000040    00000010     DSP2803x_GlobalVariableDefs.obj (CsmRegsFile)

.stack     1    00000480    00000380     UNINITIALIZED
                  00000480    00000380     --HOLE--

.ebss      1    00008c00    00000048     UNINITIALIZED
                  00008c00    00000036     control_algo.obj (.ebss)
                  00008c36    00000008     state.obj (.ebss)
                  00008c3e    00000002     --HOLE--
                  00008c40    00000004     rts2800_ml.lib : _lock.obj (.ebss)
                  00008c44    00000004                    : exit.obj (.ebss)

ECanaRegsFile 
*          1    00008c48    00000034     UNINITIALIZED
                  00008c48    00000034     DSP2803x_GlobalVariableDefs.obj (ECanaRegsFile)

SysPwrCtrlRegsFile 
*          1    00008c7c    00000003     UNINITIALIZED
                  00008c7c    00000003     DSP2803x_GlobalVariableDefs.obj (SysPwrCtrlRegsFile)

EmuBModeVar 
*          1    00008c7f    00000001     UNINITIALIZED
                  00008c7f    00000001     DSP2803x_GlobalVariableDefs.obj (EmuBModeVar)

ECanaMboxesFile 
*          1    00008c80    00000100     UNINITIALIZED
                  00008c80    00000100     DSP2803x_GlobalVariableDefs.obj (ECanaMboxesFile)

PieVectTableFile 
*          1    00008d80    00000100     UNINITIALIZED
                  00008d80    00000100     DSP2803x_GlobalVariableDefs.obj (PieVectTableFile)

AdcRegsFile 
*          1    00008e80    00000050     UNINITIALIZED
                  00008e80    00000050     DSP2803x_GlobalVariableDefs.obj (AdcRegsFile)

I2caRegsFile 
*          1    00008ed0    00000022     UNINITIALIZED
                  00008ed0    00000022     DSP2803x_GlobalVariableDefs.obj (I2caRegsFile)

GpioIntRegsFile 
*          1    00008ef2    0000000c     UNINITIALIZED
                  00008ef2    0000000c     DSP2803x_GlobalVariableDefs.obj (GpioIntRegsFile)

FlashCallbackVar 
*          1    00008efe    00000002     UNINITIALIZED
                  00008efe    00000002     DSP2803x_GlobalVariableDefs.obj (FlashCallbackVar)

LinaRegsFile 
*          1    00008f00    0000004a     UNINITIALIZED
                  00008f00    0000004a     DSP2803x_GlobalVariableDefs.obj (LinaRegsFile)

AdcResultFile 
*          1    00008f4a    00000020     UNINITIALIZED
                  00008f4a    00000020     DSP2803x_GlobalVariableDefs.obj (AdcResultFile)

Comp1RegsFile 
*          1    00008f6a    00000011     UNINITIALIZED
                  00008f6a    00000011     DSP2803x_GlobalVariableDefs.obj (Comp1RegsFile)

EmuKeyVar 
*          1    00008f7b    00000001     UNINITIALIZED
                  00008f7b    00000001     DSP2803x_GlobalVariableDefs.obj (EmuKeyVar)

FlashScalingVar 
*          1    00008f7c    00000002     UNINITIALIZED
                  00008f7c    00000002     DSP2803x_GlobalVariableDefs.obj (FlashScalingVar)

PartIdRegsFile 
*          1    00008f7e    00000001     UNINITIALIZED
                  00008f7e    00000001     DSP2803x_GlobalVariableDefs.obj (PartIdRegsFile)

Cla1RegsFile 
*          1    00008f80    00000040     UNINITIALIZED
                  00008f80    00000040     DSP2803x_GlobalVariableDefs.obj (Cla1RegsFile)

ECanaLAMRegsFile 
*          1    00008fc0    00000040     UNINITIALIZED
                  00008fc0    00000040     DSP2803x_GlobalVariableDefs.obj (ECanaLAMRegsFile)

ECanaMOTORegsFile 
*          1    00009000    00000040     UNINITIALIZED
                  00009000    00000040     DSP2803x_GlobalVariableDefs.obj (ECanaMOTORegsFile)

ECanaMOTSRegsFile 
*          1    00009040    00000040     UNINITIALIZED
                  00009040    00000040     DSP2803x_GlobalVariableDefs.obj (ECanaMOTSRegsFile)

EQep1RegsFile 
*          1    00009080    00000040     UNINITIALIZED
                  00009080    00000040     DSP2803x_GlobalVariableDefs.obj (EQep1RegsFile)

GpioCtrlRegsFile 
*          1    000090c0    00000040     UNINITIALIZED
                  000090c0    00000040     DSP2803x_GlobalVariableDefs.obj (GpioCtrlRegsFile)

EPwm2RegsFile 
*          1    00009100    0000003a     UNINITIALIZED
                  00009100    0000003a     DSP2803x_GlobalVariableDefs.obj (EPwm2RegsFile)

EPwm3RegsFile 
*          1    00009140    0000003a     UNINITIALIZED
                  00009140    0000003a     DSP2803x_GlobalVariableDefs.obj (EPwm3RegsFile)

EPwm4RegsFile 
*          1    00009180    0000003a     UNINITIALIZED
                  00009180    0000003a     DSP2803x_GlobalVariableDefs.obj (EPwm4RegsFile)

EPwm5RegsFile 
*          1    000091c0    0000003a     UNINITIALIZED
                  000091c0    0000003a     DSP2803x_GlobalVariableDefs.obj (EPwm5RegsFile)

EPwm6RegsFile 
*          1    00009200    0000003a     UNINITIALIZED
                  00009200    0000003a     DSP2803x_GlobalVariableDefs.obj (EPwm6RegsFile)

EPwm7RegsFile 
*          1    00009240    0000003a     UNINITIALIZED
                  00009240    0000003a     DSP2803x_GlobalVariableDefs.obj (EPwm7RegsFile)

ECap1RegsFile 
*          1    00009280    00000020     UNINITIALIZED
                  00009280    00000020     DSP2803x_GlobalVariableDefs.obj (ECap1RegsFile)

GpioDataRegsFile 
*          1    000092a0    00000020     UNINITIALIZED
                  000092a0    00000020     DSP2803x_GlobalVariableDefs.obj (GpioDataRegsFile)

SysCtrlRegsFile 
*          1    000092c0    00000020     UNINITIALIZED
                  000092c0    00000020     DSP2803x_GlobalVariableDefs.obj (SysCtrlRegsFile)

PieCtrlRegsFile 
*          1    000092e0    0000001a     UNINITIALIZED
                  000092e0    0000001a     DSP2803x_GlobalVariableDefs.obj (PieCtrlRegsFile)

Comp2RegsFile 
*          1    00009300    00000011     UNINITIALIZED
                  00009300    00000011     DSP2803x_GlobalVariableDefs.obj (Comp2RegsFile)

Comp3RegsFile 
*          1    00009311    00000011     UNINITIALIZED
                  00009311    00000011     DSP2803x_GlobalVariableDefs.obj (Comp3RegsFile)

NmiIntruptRegsFile 
*          1    00009322    00000010     UNINITIALIZED
                  00009322    00000010     DSP2803x_GlobalVariableDefs.obj (NmiIntruptRegsFile)

CpuTimer0RegsFile 
*          1    00009332    00000008     UNINITIALIZED
                  00009332    00000008     DSP2803x_GlobalVariableDefs.obj (CpuTimer0RegsFile)

SciaRegsFile 
*          1    00009340    00000010     UNINITIALIZED
                  00009340    00000010     DSP2803x_GlobalVariableDefs.obj (SciaRegsFile)

SpiaRegsFile 
*          1    00009350    00000010     UNINITIALIZED
                  00009350    00000010     DSP2803x_GlobalVariableDefs.obj (SpiaRegsFile)

SpibRegsFile 
*          1    00009360    00000010     UNINITIALIZED
                  00009360    00000010     DSP2803x_GlobalVariableDefs.obj (SpibRegsFile)

XIntruptRegsFile 
*          1    00009370    00000010     UNINITIALIZED
                  00009370    00000010     DSP2803x_GlobalVariableDefs.obj (XIntruptRegsFile)

CpuTimer1RegsFile 
*          1    00009380    00000008     UNINITIALIZED
                  00009380    00000008     DSP2803x_GlobalVariableDefs.obj (CpuTimer1RegsFile)

CpuTimer2RegsFile 
*          1    00009388    00000008     UNINITIALIZED
                  00009388    00000008     DSP2803x_GlobalVariableDefs.obj (CpuTimer2RegsFile)

CsmPwlFile 
*          1    00009390    00000008     UNINITIALIZED
                  00009390    00000008     DSP2803x_GlobalVariableDefs.obj (CsmPwlFile)

FlashRegsFile 
*          1    00009398    00000008     UNINITIALIZED
                  00009398    00000008     DSP2803x_GlobalVariableDefs.obj (FlashRegsFile)


GLOBAL SYMBOLS: SORTED ALPHABETICALLY BY Name 

address    name
--------   ----
00008000   .text
000082eb   C$$EXIT
00008e80   _AdcRegs
00008f4a   _AdcResult
00008f80   _Cla1Regs
00008f6a   _Comp1Regs
00009300   _Comp2Regs
00009311   _Comp3Regs
00009332   _CpuTimer0Regs
00009380   _CpuTimer1Regs
00009388   _CpuTimer2Regs
00009390   _CsmPwl
00000040   _CsmRegs
0000003c   _DevEmuRegs
00008fc0   _ECanaLAMRegs
00009000   _ECanaMOTORegs
00009040   _ECanaMOTSRegs
00008c80   _ECanaMboxes
00008c48   _ECanaRegs
00009280   _ECap1Regs
00000002   _EPwm1Regs
00009100   _EPwm2Regs
00009140   _EPwm3Regs
00009180   _EPwm4Regs
000091c0   _EPwm5Regs
00009200   _EPwm6Regs
00009240   _EPwm7Regs
00009080   _EQep1Regs
00008c7f   _EmuBMode
00008f7b   _EmuKey
00009398   _FlashRegs
00008f7c   _Flash_CPUScaleFactor
00008efe   _Flash_CallbackPtr
000090c0   _GpioCtrlRegs
000092a0   _GpioDataRegs
00008ef2   _GpioIntRegs
00008ed0   _I2caRegs
0000830d   _ISR_ILLEGAL
00008f00   _LinaRegs
00009322   _NmiIntruptRegs
00008f7e   _PartIdRegs
00008018   _PieCntlInit
000092e0   _PieCtrlRegs
00008d80   _PieVectTable
00008037   _PieVectTableInit
00009340   _SciaRegs
00009350   _SpiaRegs
00009360   _SpibRegs
000092c0   _SysCtrlRegs
00008c7c   _SysPwrCtrlRegs
00009370   _XIntruptRegs
00000800   __STACK_END
00000380   __STACK_SIZE
00000001   __TI_args_main
ffffffff   ___binit__
ffffffff   ___c_args__
00000050   ___cinit__
00008314   ___etext__
ffffffff   ___pinit__
00008000   ___text__
000082d2   __args_main
00008c44   __cleanup_ptr
00008c46   __dtors_ptr
00008c42   __lock
0000830c   __nop
00008308   __register_lock
00008304   __register_unlock
00000480   __stack
00008c40   __unlock
000082eb   _abort
0000828e   _c_int00
000081c3   _deviceInit
000082ed   _exit
00008c36   _gState
0000826b   _getNextStep
00008220   _initPwm
00008312   _main
00008237   _resetDriver
0000824a   _setAlgoType
00008232   _setPwm
ffffffff   binit
00000050   cinit
00008314   etext
ffffffff   pinit


GLOBAL SYMBOLS: SORTED BY Symbol Address 

address    name
--------   ----
00000001   __TI_args_main
00000002   _EPwm1Regs
0000003c   _DevEmuRegs
00000040   _CsmRegs
00000050   ___cinit__
00000050   cinit
00000380   __STACK_SIZE
00000480   __stack
00000800   __STACK_END
00008000   .text
00008000   ___text__
00008018   _PieCntlInit
00008037   _PieVectTableInit
000081c3   _deviceInit
00008220   _initPwm
00008232   _setPwm
00008237   _resetDriver
0000824a   _setAlgoType
0000826b   _getNextStep
0000828e   _c_int00
000082d2   __args_main
000082eb   C$$EXIT
000082eb   _abort
000082ed   _exit
00008304   __register_unlock
00008308   __register_lock
0000830c   __nop
0000830d   _ISR_ILLEGAL
00008312   _main
00008314   ___etext__
00008314   etext
00008c36   _gState
00008c40   __unlock
00008c42   __lock
00008c44   __cleanup_ptr
00008c46   __dtors_ptr
00008c48   _ECanaRegs
00008c7c   _SysPwrCtrlRegs
00008c7f   _EmuBMode
00008c80   _ECanaMboxes
00008d80   _PieVectTable
00008e80   _AdcRegs
00008ed0   _I2caRegs
00008ef2   _GpioIntRegs
00008efe   _Flash_CallbackPtr
00008f00   _LinaRegs
00008f4a   _AdcResult
00008f6a   _Comp1Regs
00008f7b   _EmuKey
00008f7c   _Flash_CPUScaleFactor
00008f7e   _PartIdRegs
00008f80   _Cla1Regs
00008fc0   _ECanaLAMRegs
00009000   _ECanaMOTORegs
00009040   _ECanaMOTSRegs
00009080   _EQep1Regs
000090c0   _GpioCtrlRegs
00009100   _EPwm2Regs
00009140   _EPwm3Regs
00009180   _EPwm4Regs
000091c0   _EPwm5Regs
00009200   _EPwm6Regs
00009240   _EPwm7Regs
00009280   _ECap1Regs
000092a0   _GpioDataRegs
000092c0   _SysCtrlRegs
000092e0   _PieCtrlRegs
00009300   _Comp2Regs
00009311   _Comp3Regs
00009322   _NmiIntruptRegs
00009332   _CpuTimer0Regs
00009340   _SciaRegs
00009350   _SpiaRegs
00009360   _SpibRegs
00009370   _XIntruptRegs
00009380   _CpuTimer1Regs
00009388   _CpuTimer2Regs
00009390   _CsmPwl
00009398   _FlashRegs
ffffffff   ___binit__
ffffffff   ___c_args__
ffffffff   ___pinit__
ffffffff   binit
ffffffff   pinit

[84 symbols]
